Archive member included to satisfy reference by file (symbol)

c:/st/stm32cubeide_1.4.0/stm32cubeide/plugins/com.st.stm32cube.ide.mcu.externaltools.gnu-tools-for-stm32.7-2018-q2-update.win32_1.4.0.202007081208/tools/bin/../lib/gcc/arm-none-eabi/7.3.1/../../../../arm-none-eabi/lib/thumb/v7-m\libc_nano.a(lib_a-errno.o)
                              Src/syscalls.o (__errno)
c:/st/stm32cubeide_1.4.0/stm32cubeide/plugins/com.st.stm32cube.ide.mcu.externaltools.gnu-tools-for-stm32.7-2018-q2-update.win32_1.4.0.202007081208/tools/bin/../lib/gcc/arm-none-eabi/7.3.1/../../../../arm-none-eabi/lib/thumb/v7-m\libc_nano.a(lib_a-exit.o)
                              c:/st/stm32cubeide_1.4.0/stm32cubeide/plugins/com.st.stm32cube.ide.mcu.externaltools.gnu-tools-for-stm32.7-2018-q2-update.win32_1.4.0.202007081208/tools/bin/../lib/gcc/arm-none-eabi/7.3.1/../../../../arm-none-eabi/lib/thumb/v7-m/crt0.o (exit)
c:/st/stm32cubeide_1.4.0/stm32cubeide/plugins/com.st.stm32cube.ide.mcu.externaltools.gnu-tools-for-stm32.7-2018-q2-update.win32_1.4.0.202007081208/tools/bin/../lib/gcc/arm-none-eabi/7.3.1/../../../../arm-none-eabi/lib/thumb/v7-m\libc_nano.a(lib_a-impure.o)
                              c:/st/stm32cubeide_1.4.0/stm32cubeide/plugins/com.st.stm32cube.ide.mcu.externaltools.gnu-tools-for-stm32.7-2018-q2-update.win32_1.4.0.202007081208/tools/bin/../lib/gcc/arm-none-eabi/7.3.1/../../../../arm-none-eabi/lib/thumb/v7-m\libc_nano.a(lib_a-exit.o) (_global_impure_ptr)
c:/st/stm32cubeide_1.4.0/stm32cubeide/plugins/com.st.stm32cube.ide.mcu.externaltools.gnu-tools-for-stm32.7-2018-q2-update.win32_1.4.0.202007081208/tools/bin/../lib/gcc/arm-none-eabi/7.3.1/../../../../arm-none-eabi/lib/thumb/v7-m\libc_nano.a(lib_a-init.o)
                              c:/st/stm32cubeide_1.4.0/stm32cubeide/plugins/com.st.stm32cube.ide.mcu.externaltools.gnu-tools-for-stm32.7-2018-q2-update.win32_1.4.0.202007081208/tools/bin/../lib/gcc/arm-none-eabi/7.3.1/../../../../arm-none-eabi/lib/thumb/v7-m/crt0.o (__libc_init_array)
c:/st/stm32cubeide_1.4.0/stm32cubeide/plugins/com.st.stm32cube.ide.mcu.externaltools.gnu-tools-for-stm32.7-2018-q2-update.win32_1.4.0.202007081208/tools/bin/../lib/gcc/arm-none-eabi/7.3.1/../../../../arm-none-eabi/lib/thumb/v7-m\libc_nano.a(lib_a-memset.o)
                              c:/st/stm32cubeide_1.4.0/stm32cubeide/plugins/com.st.stm32cube.ide.mcu.externaltools.gnu-tools-for-stm32.7-2018-q2-update.win32_1.4.0.202007081208/tools/bin/../lib/gcc/arm-none-eabi/7.3.1/../../../../arm-none-eabi/lib/thumb/v7-m/crt0.o (memset)

Allocating common symbols
Common symbol       size              file

GP_CALLBACK         0x3c              Stm32_f103_c6_Drivers/Stm32_f103_c6_EXTI_Driver.o
PinCfg              0x4               HAL/lcd.o
ch                  0x1               Src/main.o

Discarded input sections

 .text          0x0000000000000000        0x0 c:/st/stm32cubeide_1.4.0/stm32cubeide/plugins/com.st.stm32cube.ide.mcu.externaltools.gnu-tools-for-stm32.7-2018-q2-update.win32_1.4.0.202007081208/tools/bin/../lib/gcc/arm-none-eabi/7.3.1/thumb/v7-m/crti.o
 .data          0x0000000000000000        0x0 c:/st/stm32cubeide_1.4.0/stm32cubeide/plugins/com.st.stm32cube.ide.mcu.externaltools.gnu-tools-for-stm32.7-2018-q2-update.win32_1.4.0.202007081208/tools/bin/../lib/gcc/arm-none-eabi/7.3.1/thumb/v7-m/crti.o
 .bss           0x0000000000000000        0x0 c:/st/stm32cubeide_1.4.0/stm32cubeide/plugins/com.st.stm32cube.ide.mcu.externaltools.gnu-tools-for-stm32.7-2018-q2-update.win32_1.4.0.202007081208/tools/bin/../lib/gcc/arm-none-eabi/7.3.1/thumb/v7-m/crti.o
 .data          0x0000000000000000        0x4 c:/st/stm32cubeide_1.4.0/stm32cubeide/plugins/com.st.stm32cube.ide.mcu.externaltools.gnu-tools-for-stm32.7-2018-q2-update.win32_1.4.0.202007081208/tools/bin/../lib/gcc/arm-none-eabi/7.3.1/thumb/v7-m/crtbegin.o
 .text          0x0000000000000000       0x74 c:/st/stm32cubeide_1.4.0/stm32cubeide/plugins/com.st.stm32cube.ide.mcu.externaltools.gnu-tools-for-stm32.7-2018-q2-update.win32_1.4.0.202007081208/tools/bin/../lib/gcc/arm-none-eabi/7.3.1/../../../../arm-none-eabi/lib/thumb/v7-m/crt0.o
 .data          0x0000000000000000        0x0 c:/st/stm32cubeide_1.4.0/stm32cubeide/plugins/com.st.stm32cube.ide.mcu.externaltools.gnu-tools-for-stm32.7-2018-q2-update.win32_1.4.0.202007081208/tools/bin/../lib/gcc/arm-none-eabi/7.3.1/../../../../arm-none-eabi/lib/thumb/v7-m/crt0.o
 .bss           0x0000000000000000        0x0 c:/st/stm32cubeide_1.4.0/stm32cubeide/plugins/com.st.stm32cube.ide.mcu.externaltools.gnu-tools-for-stm32.7-2018-q2-update.win32_1.4.0.202007081208/tools/bin/../lib/gcc/arm-none-eabi/7.3.1/../../../../arm-none-eabi/lib/thumb/v7-m/crt0.o
 .ARM.extab     0x0000000000000000        0x0 c:/st/stm32cubeide_1.4.0/stm32cubeide/plugins/com.st.stm32cube.ide.mcu.externaltools.gnu-tools-for-stm32.7-2018-q2-update.win32_1.4.0.202007081208/tools/bin/../lib/gcc/arm-none-eabi/7.3.1/../../../../arm-none-eabi/lib/thumb/v7-m/crt0.o
[...]
Memory Configuration

Name             Origin             Length             Attributes
RAM              0x0000000020000000 0x0000000000002800 xrw
ROM              0x0000000008000000 0x0000000000008000 xr
*default*        0x0000000000000000 0xffffffffffffffff

Linker script and memory map

LOAD c:/st/stm32cubeide_1.4.0/stm32cubeide/plugins/com.st.stm32cube.ide.mcu.externaltools.gnu-tools-for-stm32.7-2018-q2-update.win32_1.4.0.202007081208/tools/bin/../lib/gcc/arm-none-eabi/7.3.1/thumb/v7-m/crti.o
LOAD c:/st/stm32cubeide_1.4.0/stm32cubeide/plugins/com.st.stm32cube.ide.mcu.externaltools.gnu-tools-for-stm32.7-2018-q2-update.win32_1.4.0.202007081208/tools/bin/../lib/gcc/arm-none-eabi/7.3.1/thumb/v7-m/crtbegin.o
LOAD c:/st/stm32cubeide_1.4.0/stm32cubeide/plugins/com.st.stm32cube.ide.mcu.externaltools.gnu-tools-for-stm32.7-2018-q2-update.win32_1.4.0.202007081208/tools/bin/../lib/gcc/arm-none-eabi/7.3.1/../../../../arm-none-eabi/lib/thumb/v7-m/crt0.o
LOAD HAL/keypad.o
LOAD HAL/lcd.o
LOAD Src/main.o
LOAD Src/syscalls.o
LOAD Src/sysmem.o
LOAD Startup/startup_stm32f103c6tx.o
LOAD Stm32_f103_c6_Drivers/GPIO/Stm32_f103_c6_GPIO_Driver.o
LOAD Stm32_f103_c6_Drivers/Stm32_f103_c6_EXTI_Driver.o
LOAD Stm32_f103_c6_Drivers/Stm32_f103_c6_RCC_Driver.o
LOAD Stm32_f103_c6_Drivers/Stm32_f103_c6_SPI_Driver.o
LOAD Stm32_f103_c6_Drivers/Stm32_f103_c6_USART_Driver.o
START GROUP
LOAD c:/st/stm32cubeide_1.4.0/stm32cubeide/plugins/com.st.stm32cube.ide.mcu.externaltools.gnu-tools-for-stm32.7-2018-q2-update.win32_1.4.0.202007081208/tools/bin/../lib/gcc/arm-none-eabi/7.3.1/../../../../arm-none-eabi/lib/thumb/v7-m\libc_nano.a
LOAD c:/st/stm32cubeide_1.4.0/stm32cubeide/plugins/com.st.stm32cube.ide.mcu.externaltools.gnu-tools-for-stm32.7-2018-q2-update.win32_1.4.0.202007081208/tools/bin/../lib/gcc/arm-none-eabi/7.3.1/../../../../arm-none-eabi/lib/thumb/v7-m\libm.a
END GROUP
START GROUP
LOAD c:/st/stm32cubeide_1.4.0/stm32cubeide/plugins/com.st.stm32cube.ide.mcu.externaltools.gnu-tools-for-stm32.7-2018-q2-update.win32_1.4.0.202007081208/tools/bin/../lib/gcc/arm-none-eabi/7.3.1/thumb/v7-m\libgcc.a
LOAD c:/st/stm32cubeide_1.4.0/stm32cubeide/plugins/com.st.stm32cube.ide.mcu.externaltools.gnu-tools-for-stm32.7-2018-q2-update.win32_1.4.0.202007081208/tools/bin/../lib/gcc/arm-none-eabi/7.3.1/../../../../arm-none-eabi/lib/thumb/v7-m\libg_nano.a
LOAD c:/st/stm32cubeide_1.4.0/stm32cubeide/plugins/com.st.stm32cube.ide.mcu.externaltools.gnu-tools-for-stm32.7-2018-q2-update.win32_1.4.0.202007081208/tools/bin/../lib/gcc/arm-none-eabi/7.3.1/../../../../arm-none-eabi/lib/thumb/v7-m\libc_nano.a
END GROUP
START GROUP
LOAD c:/st/stm32cubeide_1.4.0/stm32cubeide/plugins/com.st.stm32cube.ide.mcu.externaltools.gnu-tools-for-stm32.7-2018-q2-update.win32_1.4.0.202007081208/tools/bin/../lib/gcc/arm-none-eabi/7.3.1/thumb/v7-m\libgcc.a
LOAD c:/st/stm32cubeide_1.4.0/stm32cubeide/plugins/com.st.stm32cube.ide.mcu.externaltools.gnu-tools-for-stm32.7-2018-q2-update.win32_1.4.0.202007081208/tools/bin/../lib/gcc/arm-none-eabi/7.3.1/../../../../arm-none-eabi/lib/thumb/v7-m\libc_nano.a
LOAD c:/st/stm32cubeide_1.4.0/stm32cubeide/plugins/com.st.stm32cube.ide.mcu.externaltools.gnu-tools-for-stm32.7-2018-q2-update.win32_1.4.0.202007081208/tools/bin/../lib/gcc/arm-none-eabi/7.3.1/../../../../arm-none-eabi/lib/thumb/v7-m\libnosys.a
END GROUP
START GROUP
LOAD c:/st/stm32cubeide_1.4.0/stm32cubeide/plugins/com.st.stm32cube.ide.mcu.externaltools.gnu-tools-for-stm32.7-2018-q2-update.win32_1.4.0.202007081208/tools/bin/../lib/gcc/arm-none-eabi/7.3.1/thumb/v7-m\libgcc.a
LOAD c:/st/stm32cubeide_1.4.0/stm32cubeide/plugins/com.st.stm32cube.ide.mcu.externaltools.gnu-tools-for-stm32.7-2018-q2-update.win32_1.4.0.202007081208/tools/bin/../lib/gcc/arm-none-eabi/7.3.1/../../../../arm-none-eabi/lib/thumb/v7-m\libc_nano.a
LOAD c:/st/stm32cubeide_1.4.0/stm32cubeide/plugins/com.st.stm32cube.ide.mcu.externaltools.gnu-tools-for-stm32.7-2018-q2-update.win32_1.4.0.202007081208/tools/bin/../lib/gcc/arm-none-eabi/7.3.1/../../../../arm-none-eabi/lib/thumb/v7-m\libnosys.a
END GROUP
LOAD c:/st/stm32cubeide_1.4.0/stm32cubeide/plugins/com.st.stm32cube.ide.mcu.externaltools.gnu-tools-for-stm32.7-2018-q2-update.win32_1.4.0.202007081208/tools/bin/../lib/gcc/arm-none-eabi/7.3.1/thumb/v7-m/crtend.o
LOAD c:/st/stm32cubeide_1.4.0/stm32cubeide/plugins/com.st.stm32cube.ide.mcu.externaltools.gnu-tools-for-stm32.7-2018-q2-update.win32_1.4.0.202007081208/tools/bin/../lib/gcc/arm-none-eabi/7.3.1/thumb/v7-m/crtn.o
                0x0000000020002800                _estack = (ORIGIN (RAM) + LENGTH (RAM))
                0x0000000000000200                _Min_Heap_Size = 0x200
                0x0000000000000400                _Min_Stack_Size = 0x400

.isr_vector     0x0000000008000000      0x130
                0x0000000008000000                . = ALIGN (0x4)
 *(.isr_vector)
 .isr_vector    0x0000000008000000      0x130 Startup/startup_stm32f103c6tx.o
                0x0000000008000000                g_pfnVectors
                0x0000000008000130                . = ALIGN (0x4)

.text           0x0000000008000130      0xdd0
                0x0000000008000130                . = ALIGN (0x4)
 *(.text)
 .text          0x0000000008000130       0x40 c:/st/stm32cubeide_1.4.0/stm32cubeide/plugins/com.st.stm32cube.ide.mcu.externaltools.gnu-tools-for-stm32.7-2018-q2-update.win32_1.4.0.202007081208/tools/bin/../lib/gcc/arm-none-eabi/7.3.1/thumb/v7-m/crtbegin.o
 *(.text*)
 .text.Clk_Init
                0x0000000008000170       0x34 Src/main.o
                0x0000000008000170                Clk_Init
 .text.Hussein_IRQ_Callback
                0x00000000080001a4       0x4c Src/main.o
                0x00000000080001a4                Hussein_IRQ_Callback
 .text.main     0x00000000080001f0       0xb8 Src/main.o
                0x00000000080001f0                main
 .text.Reset_Handler
                0x00000000080002a8       0x50 Startup/startup_stm32f103c6tx.o
                0x00000000080002a8                Reset_Handler
 .text.Default_Handler
                0x00000000080002f8        0x2 Startup/startup_stm32f103c6tx.o
                0x00000000080002f8                TIM8_TRG_COM_IRQHandler
                0x00000000080002f8                TIM8_CC_IRQHandler
                0x00000000080002f8                DebugMon_Handler
                0x00000000080002f8                TIM1_CC_IRQHandler
                0x00000000080002f8                HardFault_Handler
                0x00000000080002f8                TIM6_IRQHandler
                0x00000000080002f8                SysTick_Handler
                0x00000000080002f8                PVD_IRQHandler
                0x00000000080002f8                SDIO_IRQHandler
                0x00000000080002f8                PendSV_Handler
                0x00000000080002f8                NMI_Handler
                0x00000000080002f8                USB_HP_CAN_TX_IRQHandler
                0x00000000080002f8                I2C2_EV_IRQHandler
                0x00000000080002f8                UsageFault_Handler
                0x00000000080002f8                ADC1_2_IRQHandler
                0x00000000080002f8                CAN_SCE_IRQHandler
                0x00000000080002f8                TAMPER_IRQHandler
                0x00000000080002f8                TIM8_UP_IRQHandler
                0x00000000080002f8                DMA2_Channel2_IRQHandler
                0x00000000080002f8                DMA1_Channel4_IRQHandler
                0x00000000080002f8                RTC_IRQHandler
                0x00000000080002f8                DMA1_Channel7_IRQHandler
                0x00000000080002f8                UART5_IRQHandler
                0x00000000080002f8                ADC3_IRQHandler
                0x00000000080002f8                TIM4_IRQHandler
                0x00000000080002f8                CAN_RX1_IRQHandler
                0x00000000080002f8                DMA2_Channel1_IRQHandler
                0x00000000080002f8                I2C1_EV_IRQHandler
                0x00000000080002f8                DMA1_Channel6_IRQHandler
                0x00000000080002f8                UART4_IRQHandler
                0x00000000080002f8                TIM3_IRQHandler
                0x00000000080002f8                RCC_IRQHandler
                0x00000000080002f8                TIM1_TRG_COM_IRQHandler
                0x00000000080002f8                DMA1_Channel1_IRQHandler
                0x00000000080002f8                Default_Handler
                0x00000000080002f8                TIM7_IRQHandler
                0x00000000080002f8                TIM5_IRQHandler
                0x00000000080002f8                USB_LP_CAN_RX0_IRQHandler
                0x00000000080002f8                MemManage_Handler
                0x00000000080002f8                SVC_Handler
                0x00000000080002f8                DMA1_Channel5_IRQHandler
                0x00000000080002f8                DMA1_Channel3_IRQHandler
                0x00000000080002f8                FSMC_IRQHandler
                0x00000000080002f8                TIM1_UP_IRQHandler
                0x00000000080002f8                WWDG_IRQHandler
                0x00000000080002f8                TIM2_IRQHandler
                0x00000000080002f8                TIM1_BRK_IRQHandler
                0x00000000080002f8                RTCAlarm_IRQHandler
                0x00000000080002f8                DMA2_Channel4_5_IRQHandler
                0x00000000080002f8                I2C2_ER_IRQHandler
                0x00000000080002f8                DMA1_Channel2_IRQHandler
                0x00000000080002f8                TIM8_BRK_IRQHandler
                0x00000000080002f8                FLASH_IRQHandler
                0x00000000080002f8                BusFault_Handler
                0x00000000080002f8                SPI3_IRQHandler
                0x00000000080002f8                I2C1_ER_IRQHandler
                0x00000000080002f8                DMA2_Channel3_IRQHandler
 .text.GET_CRLH_Position
                0x00000000080002fa       0xc6 Stm32_f103_c6_Drivers/GPIO/Stm32_f103_c6_GPIO_Driver.o
                0x00000000080002fa                GET_CRLH_Position
 .text.MCAL_GPIO_INIT
                0x00000000080003c0       0xe0 Stm32_f103_c6_Drivers/GPIO/Stm32_f103_c6_GPIO_Driver.o
                0x00000000080003c0                MCAL_GPIO_INIT
 .text.MCAL_GPIO_WRITE_PIN
                0x00000000080004a0       0x2e Stm32_f103_c6_Drivers/GPIO/Stm32_f103_c6_GPIO_Driver.o
                0x00000000080004a0                MCAL_GPIO_WRITE_PIN
 *fill*         0x00000000080004ce        0x2 
 .text.EXTI0_IRQHandler
                0x00000000080004d0       0x24 Stm32_f103_c6_Drivers/Stm32_f103_c6_EXTI_Driver.o
                0x00000000080004d0                EXTI0_IRQHandler
 .text.EXTI1_IRQHandler
                0x00000000080004f4       0x24 Stm32_f103_c6_Drivers/Stm32_f103_c6_EXTI_Driver.o
                0x00000000080004f4                EXTI1_IRQHandler
 .text.EXTI2_IRQHandler
                0x0000000008000518       0x24 Stm32_f103_c6_Drivers/Stm32_f103_c6_EXTI_Driver.o
                0x0000000008000518                EXTI2_IRQHandler
 .text.EXTI3_IRQHandler
                0x000000000800053c       0x24 Stm32_f103_c6_Drivers/Stm32_f103_c6_EXTI_Driver.o
                0x000000000800053c                EXTI3_IRQHandler
 .text.EXTI4_IRQHandler
                0x0000000008000560       0x24 Stm32_f103_c6_Drivers/Stm32_f103_c6_EXTI_Driver.o
                0x0000000008000560                EXTI4_IRQHandler
 .text.EXTI9_5_IRQHandler
                0x0000000008000584       0xa8 Stm32_f103_c6_Drivers/Stm32_f103_c6_EXTI_Driver.o
                0x0000000008000584                EXTI9_5_IRQHandler
 .text.EXTI15_10_IRQHandler
                0x000000000800062c       0xa8 Stm32_f103_c6_Drivers/Stm32_f103_c6_EXTI_Driver.o
                0x000000000800062c                EXTI15_10_IRQHandler
 .text.MCAL_RCC_GetSYS_CLKfreq
                0x00000000080006d4       0x3c Stm32_f103_c6_Drivers/Stm32_f103_c6_RCC_Driver.o
                0x00000000080006d4                MCAL_RCC_GetSYS_CLKfreq
 .text.MCAL_RCC_GetHCLKfreq
                0x0000000008000710       0x28 Stm32_f103_c6_Drivers/Stm32_f103_c6_RCC_Driver.o
                0x0000000008000710                MCAL_RCC_GetHCLKfreq
 .text.MCAL_RCC_GetPCLK1freq
                0x0000000008000738       0x28 Stm32_f103_c6_Drivers/Stm32_f103_c6_RCC_Driver.o
                0x0000000008000738                MCAL_RCC_GetPCLK1freq
 .text.MCAL_RCC_GetPCLK2freq
                0x0000000008000760       0x28 Stm32_f103_c6_Drivers/Stm32_f103_c6_RCC_Driver.o
                0x0000000008000760                MCAL_RCC_GetPCLK2freq
 .text.MCAL_SPI_Init
                0x0000000008000788      0x120 Stm32_f103_c6_Drivers/Stm32_f103_c6_SPI_Driver.o
                0x0000000008000788                MCAL_SPI_Init
 .text.MCAL_SPI_TX_RX
                0x00000000080008a8       0x54 Stm32_f103_c6_Drivers/Stm32_f103_c6_SPI_Driver.o
                0x00000000080008a8                MCAL_SPI_TX_RX
 .text.SPI1_IRQHandler
                0x00000000080008fc       0x5c Stm32_f103_c6_Drivers/Stm32_f103_c6_SPI_Driver.o
                0x00000000080008fc                SPI1_IRQHandler
 .text.SPI2_IRQHandler
                0x0000000008000958       0x5c Stm32_f103_c6_Drivers/Stm32_f103_c6_SPI_Driver.o
                0x0000000008000958                SPI2_IRQHandler
 .text.MCAL_SPI_GPIO_SET_PINS
                0x00000000080009b4      0x200 Stm32_f103_c6_Drivers/Stm32_f103_c6_SPI_Driver.o
                0x00000000080009b4                MCAL_SPI_GPIO_SET_PINS
 .text.MCAL_UART_Init
                0x0000000008000bb4      0x15c Stm32_f103_c6_Drivers/Stm32_f103_c6_USART_Driver.o
                0x0000000008000bb4                MCAL_UART_Init
 .text.MCAL_UART_SendData
                0x0000000008000d10       0x44 Stm32_f103_c6_Drivers/Stm32_f103_c6_USART_Driver.o
                0x0000000008000d10                MCAL_UART_SendData
 .text.MCAL_UART_ReceiveData
                0x0000000008000d54       0x5c Stm32_f103_c6_Drivers/Stm32_f103_c6_USART_Driver.o
                0x0000000008000d54                MCAL_UART_ReceiveData
 .text.MCAL_UART_GPIO_Set_Pins
                0x0000000008000db0       0xcc Stm32_f103_c6_Drivers/Stm32_f103_c6_USART_Driver.o
                0x0000000008000db0                MCAL_UART_GPIO_Set_Pins
 .text.USART1_IRQHandler
                0x0000000008000e7c        0xc Stm32_f103_c6_Drivers/Stm32_f103_c6_USART_Driver.o
                0x0000000008000e7c                USART1_IRQHandler
 .text.USART2_IRQHandler
                0x0000000008000e88        0xc Stm32_f103_c6_Drivers/Stm32_f103_c6_USART_Driver.o
                0x0000000008000e88                USART2_IRQHandler
 .text.USART3_IRQHandler
                0x0000000008000e94        0xc Stm32_f103_c6_Drivers/Stm32_f103_c6_USART_Driver.o
                0x0000000008000e94                USART3_IRQHandler
 .text.__libc_init_array
                0x0000000008000ea0       0x48 c:/st/stm32cubeide_1.4.0/stm32cubeide/plugins/com.st.stm32cube.ide.mcu.externaltools.gnu-tools-for-stm32.7-2018-q2-update.win32_1.4.0.202007081208/tools/bin/../lib/gcc/arm-none-eabi/7.3.1/../../../../arm-none-eabi/lib/thumb/v7-m\libc_nano.a(lib_a-init.o)
                0x0000000008000ea0                __libc_init_array
 *(.glue_7)
 .glue_7        0x0000000008000ee8        0x0 linker stubs
 *(.glue_7t)
 .glue_7t       0x0000000008000ee8        0x0 linker stubs
 *(.eh_frame)
 .eh_frame      0x0000000008000ee8        0x0 c:/st/stm32cubeide_1.4.0/stm32cubeide/plugins/com.st.stm32cube.ide.mcu.externaltools.gnu-tools-for-stm32.7-2018-q2-update.win32_1.4.0.202007081208/tools/bin/../lib/gcc/arm-none-eabi/7.3.1/thumb/v7-m/crtbegin.o
 *(.init)
 .init          0x0000000008000ee8        0x4 c:/st/stm32cubeide_1.4.0/stm32cubeide/plugins/com.st.stm32cube.ide.mcu.externaltools.gnu-tools-for-stm32.7-2018-q2-update.win32_1.4.0.202007081208/tools/bin/../lib/gcc/arm-none-eabi/7.3.1/thumb/v7-m/crti.o
                0x0000000008000ee8                _init
 .init          0x0000000008000eec        0x8 c:/st/stm32cubeide_1.4.0/stm32cubeide/plugins/com.st.stm32cube.ide.mcu.externaltools.gnu-tools-for-stm32.7-2018-q2-update.win32_1.4.0.202007081208/tools/bin/../lib/gcc/arm-none-eabi/7.3.1/thumb/v7-m/crtn.o
 *(.fini)
 .fini          0x0000000008000ef4        0x4 c:/st/stm32cubeide_1.4.0/stm32cubeide/plugins/com.st.stm32cube.ide.mcu.externaltools.gnu-tools-for-stm32.7-2018-q2-update.win32_1.4.0.202007081208/tools/bin/../lib/gcc/arm-none-eabi/7.3.1/thumb/v7-m/crti.o
                0x0000000008000ef4                _fini
 .fini          0x0000000008000ef8        0x8 c:/st/stm32cubeide_1.4.0/stm32cubeide/plugins/com.st.stm32cube.ide.mcu.externaltools.gnu-tools-for-stm32.7-2018-q2-update.win32_1.4.0.202007081208/tools/bin/../lib/gcc/arm-none-eabi/7.3.1/thumb/v7-m/crtn.o
                0x0000000008000f00                . = ALIGN (0x4)
                0x0000000008000f00                _etext = .

.vfp11_veneer   0x0000000008000f00        0x0
 .vfp11_veneer  0x0000000008000f00        0x0 linker stubs

.v4_bx          0x0000000008000f00        0x0
 .v4_bx         0x0000000008000f00        0x0 linker stubs

.iplt           0x0000000008000f00        0x0
 .iplt          0x0000000008000f00        0x0 c:/st/stm32cubeide_1.4.0/stm32cubeide/plugins/com.st.stm32cube.ide.mcu.externaltools.gnu-tools-for-stm32.7-2018-q2-update.win32_1.4.0.202007081208/tools/bin/../lib/gcc/arm-none-eabi/7.3.1/thumb/v7-m/crtbegin.o

.rodata         0x0000000008000f00       0x18
                0x0000000008000f00                . = ALIGN (0x4)
 *(.rodata)
 *(.rodata*)
 .rodata.APBPrescalTable
                0x0000000008000f00        0x8 Stm32_f103_c6_Drivers/Stm32_f103_c6_RCC_Driver.o
                0x0000000008000f00                APBPrescalTable
 .rodata.AHBPrescalTable
                0x0000000008000f08        0xf Stm32_f103_c6_Drivers/Stm32_f103_c6_RCC_Driver.o
                0x0000000008000f08                AHBPrescalTable
                0x0000000008000f18                . = ALIGN (0x4)
 *fill*         0x0000000008000f17        0x1 

.rel.dyn        0x0000000008000f18        0x0
 .rel.iplt      0x0000000008000f18        0x0 c:/st/stm32cubeide_1.4.0/stm32cubeide/plugins/com.st.stm32cube.ide.mcu.externaltools.gnu-tools-for-stm32.7-2018-q2-update.win32_1.4.0.202007081208/tools/bin/../lib/gcc/arm-none-eabi/7.3.1/thumb/v7-m/crtbegin.o

.ARM.extab      0x0000000008000f18        0x0
                0x0000000008000f18                . = ALIGN (0x4)
 *(.ARM.extab* .gnu.linkonce.armextab.*)
                0x0000000008000f18                . = ALIGN (0x4)

.ARM            0x0000000008000f18        0x0
                0x0000000008000f18                . = ALIGN (0x4)
                0x0000000008000f18                __exidx_start = .
 *(.ARM.exidx*)
                0x0000000008000f18                __exidx_end = .
                0x0000000008000f18                . = ALIGN (0x4)

.preinit_array  0x0000000008000f18        0x0
                0x0000000008000f18                . = ALIGN (0x4)
                0x0000000008000f18                PROVIDE (__preinit_array_start = .)
 *(.preinit_array*)
                0x0000000008000f18                PROVIDE (__preinit_array_end = .)
                0x0000000008000f18                . = ALIGN (0x4)

.init_array     0x0000000008000f18        0x4
                0x0000000008000f18                . = ALIGN (0x4)
                0x0000000008000f18                PROVIDE (__init_array_start = .)
 *(SORT_BY_NAME(.init_array.*))
 *(.init_array*)
 .init_array    0x0000000008000f18        0x4 c:/st/stm32cubeide_1.4.0/stm32cubeide/plugins/com.st.stm32cube.ide.mcu.externaltools.gnu-tools-for-stm32.7-2018-q2-update.win32_1.4.0.202007081208/tools/bin/../lib/gcc/arm-none-eabi/7.3.1/thumb/v7-m/crtbegin.o
                0x0000000008000f1c                PROVIDE (__init_array_end = .)
                0x0000000008000f1c                . = ALIGN (0x4)

.fini_array     0x0000000008000f1c        0x4
                0x0000000008000f1c                . = ALIGN (0x4)
                [!provide]                        PROVIDE (__fini_array_start = .)
 *(SORT_BY_NAME(.fini_array.*))
 *(.fini_array*)
 .fini_array    0x0000000008000f1c        0x4 c:/st/stm32cubeide_1.4.0/stm32cubeide/plugins/com.st.stm32cube.ide.mcu.externaltools.gnu-tools-for-stm32.7-2018-q2-update.win32_1.4.0.202007081208/tools/bin/../lib/gcc/arm-none-eabi/7.3.1/thumb/v7-m/crtbegin.o
                [!provide]                        PROVIDE (__fini_array_end = .)
                0x0000000008000f20                . = ALIGN (0x4)
                0x0000000008000f20                _sidata = LOADADDR (.data)

.data           0x0000000020000000        0x0 load address 0x0000000008000f20
                0x0000000020000000                . = ALIGN (0x4)
                0x0000000020000000                _sdata = .
 *(.data)
 *(.data*)
                0x0000000020000000                . = ALIGN (0x4)
                0x0000000020000000                _edata = .

.igot.plt       0x0000000020000000        0x0 load address 0x0000000008000f20
 .igot.plt      0x0000000020000000        0x0 c:/st/stm32cubeide_1.4.0/stm32cubeide/plugins/com.st.stm32cube.ide.mcu.externaltools.gnu-tools-for-stm32.7-2018-q2-update.win32_1.4.0.202007081208/tools/bin/../lib/gcc/arm-none-eabi/7.3.1/thumb/v7-m/crtbegin.o
                0x0000000020000000                . = ALIGN (0x4)

.bss            0x0000000020000000       0x68 load address 0x0000000008000f20
                0x0000000020000000                _sbss = .
                0x0000000020000000                __bss_start__ = _sbss
 *(.bss)
 .bss           0x0000000020000000       0x1c c:/st/stm32cubeide_1.4.0/stm32cubeide/plugins/com.st.stm32cube.ide.mcu.externaltools.gnu-tools-for-stm32.7-2018-q2-update.win32_1.4.0.202007081208/tools/bin/../lib/gcc/arm-none-eabi/7.3.1/thumb/v7-m/crtbegin.o
 *(.bss*)
 .bss.Global_SPI_Config
                0x000000002000001c        0x8 Stm32_f103_c6_Drivers/Stm32_f103_c6_SPI_Driver.o
                0x000000002000001c                Global_SPI_Config
 .bss.Global_USART_Config
                0x0000000020000024        0x4 Stm32_f103_c6_Drivers/Stm32_f103_c6_USART_Driver.o
                0x0000000020000024                Global_USART_Config
 *(COMMON)
 COMMON         0x0000000020000028        0x1 Src/main.o
                0x0000000020000028                ch
 *fill*         0x0000000020000029        0x3 
 COMMON         0x000000002000002c       0x3c Stm32_f103_c6_Drivers/Stm32_f103_c6_EXTI_Driver.o
                0x000000002000002c                GP_CALLBACK
                0x0000000020000068                . = ALIGN (0x4)
                0x0000000020000068                _ebss = .
                0x0000000020000068                __bss_end__ = _ebss

._user_heap_stack
                0x0000000020000068      0x600 load address 0x0000000008000f20
                0x0000000020000068                . = ALIGN (0x8)
                [!provide]                        PROVIDE (end = .)
                0x0000000020000068                PROVIDE (_end = .)
                0x0000000020000268                . = (. + _Min_Heap_Size)
 *fill*         0x0000000020000068      0x200 
                0x0000000020000668                . = (. + _Min_Stack_Size)
 *fill*         0x0000000020000268      0x400 
                0x0000000020000668                . = ALIGN (0x8)

/DISCARD/
 libc.a(*)
 libm.a(*)
 libgcc.a(*)

.ARM.attributes
                0x0000000000000000       0x29
 *(.ARM.attributes)
 .ARM.attributes
                0x0000000000000000       0x1d c:/st/stm32cubeide_1.4.0/stm32cubeide/plugins/com.st.stm32cube.ide.mcu.externaltools.gnu-tools-for-stm32.7-2018-q2-update.win32_1.4.0.202007081208/tools/bin/../lib/gcc/arm-none-eabi/7.3.1/thumb/v7-m/crti.o
 .ARM.attributes
                0x000000000000001d       0x2d c:/st/stm32cubeide_1.4.0/stm32cubeide/plugins/com.st.stm32cube.ide.mcu.externaltools.gnu-tools-for-stm32.7-2018-q2-update.win32_1.4.0.202007081208/tools/bin/../lib/gcc/arm-none-eabi/7.3.1/thumb/v7-m/crtbegin.o
 .ARM.attributes
                0x000000000000004a       0x33 Src/main.o
 .ARM.attributes
                0x000000000000007d       0x21 Startup/startup_stm32f103c6tx.o
 .ARM.attributes
                0x000000000000009e       0x33 Stm32_f103_c6_Drivers/GPIO/Stm32_f103_c6_GPIO_Driver.o
 .ARM.attributes
                0x00000000000000d1       0x33 Stm32_f103_c6_Drivers/Stm32_f103_c6_EXTI_Driver.o
 .ARM.attributes
                0x0000000000000104       0x33 Stm32_f103_c6_Drivers/Stm32_f103_c6_RCC_Driver.o
 .ARM.attributes
                0x0000000000000137       0x33 Stm32_f103_c6_Drivers/Stm32_f103_c6_SPI_Driver.o
 .ARM.attributes
                0x000000000000016a       0x33 Stm32_f103_c6_Drivers/Stm32_f103_c6_USART_Driver.o
 .ARM.attributes
                0x000000000000019d       0x2d c:/st/stm32cubeide_1.4.0/stm32cubeide/plugins/com.st.stm32cube.ide.mcu.externaltools.gnu-tools-for-stm32.7-2018-q2-update.win32_1.4.0.202007081208/tools/bin/../lib/gcc/arm-none-eabi/7.3.1/../../../../arm-none-eabi/lib/thumb/v7-m\libc_nano.a(lib_a-init.o)
 .ARM.attributes
                0x00000000000001ca       0x1d c:/st/stm32cubeide_1.4.0/stm32cubeide/plugins/com.st.stm32cube.ide.mcu.externaltools.gnu-tools-for-stm32.7-2018-q2-update.win32_1.4.0.202007081208/tools/bin/../lib/gcc/arm-none-eabi/7.3.1/thumb/v7-m/crtn.o
OUTPUT(Drivers_Hussein.elf elf32-littlearm)

.debug_info     0x0000000000000000     0x5176
 .debug_info    0x0000000000000000      0xea5 Src/main.o
 .debug_info    0x0000000000000ea5       0x22 Startup/startup_stm32f103c6tx.o
 .debug_info    0x0000000000000ec7      0xd52 Stm32_f103_c6_Drivers/GPIO/Stm32_f103_c6_GPIO_Driver.o
 .debug_info    0x0000000000001c19      0xdb8 Stm32_f103_c6_Drivers/Stm32_f103_c6_EXTI_Driver.o
 .debug_info    0x00000000000029d1      0xafb Stm32_f103_c6_Drivers/Stm32_f103_c6_RCC_Driver.o
 .debug_info    0x00000000000034cc      0xebf Stm32_f103_c6_Drivers/Stm32_f103_c6_SPI_Driver.o
 .debug_info    0x000000000000438b      0xdeb Stm32_f103_c6_Drivers/Stm32_f103_c6_USART_Driver.o

.debug_abbrev   0x0000000000000000      0xc67
 .debug_abbrev  0x0000000000000000      0x24d Src/main.o
 .debug_abbrev  0x000000000000024d       0x12 Startup/startup_stm32f103c6tx.o
 .debug_abbrev  0x000000000000025f      0x232 Stm32_f103_c6_Drivers/GPIO/Stm32_f103_c6_GPIO_Driver.o
 .debug_abbrev  0x0000000000000491      0x210 Stm32_f103_c6_Drivers/Stm32_f103_c6_EXTI_Driver.o
 .debug_abbrev  0x00000000000006a1      0x19b Stm32_f103_c6_Drivers/Stm32_f103_c6_RCC_Driver.o
 .debug_abbrev  0x000000000000083c      0x217 Stm32_f103_c6_Drivers/Stm32_f103_c6_SPI_Driver.o
 .debug_abbrev  0x0000000000000a53      0x214 Stm32_f103_c6_Drivers/Stm32_f103_c6_USART_Driver.o

.debug_loc      0x0000000000000000      0xdcc
 .debug_loc     0x0000000000000000      0x104 Src/main.o
 .debug_loc     0x0000000000000104      0x330 Stm32_f103_c6_Drivers/GPIO/Stm32_f103_c6_GPIO_Driver.o
 .debug_loc     0x0000000000000434      0x338 Stm32_f103_c6_Drivers/Stm32_f103_c6_EXTI_Driver.o
 .debug_loc     0x000000000000076c       0xc8 Stm32_f103_c6_Drivers/Stm32_f103_c6_RCC_Driver.o
 .debug_loc     0x0000000000000834      0x2bc Stm32_f103_c6_Drivers/Stm32_f103_c6_SPI_Driver.o
 .debug_loc     0x0000000000000af0      0x2dc Stm32_f103_c6_Drivers/Stm32_f103_c6_USART_Driver.o

.debug_aranges  0x0000000000000000      0x230
 .debug_aranges
                0x0000000000000000       0x38 Src/main.o
 .debug_aranges
                0x0000000000000038       0x28 Startup/startup_stm32f103c6tx.o
 .debug_aranges
                0x0000000000000060       0x60 Stm32_f103_c6_Drivers/GPIO/Stm32_f103_c6_GPIO_Driver.o
 .debug_aranges
                0x00000000000000c0       0x80 Stm32_f103_c6_Drivers/Stm32_f103_c6_EXTI_Driver.o
 .debug_aranges
                0x0000000000000140       0x38 Stm32_f103_c6_Drivers/Stm32_f103_c6_RCC_Driver.o
 .debug_aranges
                0x0000000000000178       0x58 Stm32_f103_c6_Drivers/Stm32_f103_c6_SPI_Driver.o
 .debug_aranges
                0x00000000000001d0       0x60 Stm32_f103_c6_Drivers/Stm32_f103_c6_USART_Driver.o

.debug_ranges   0x0000000000000000      0x1c8
 .debug_ranges  0x0000000000000000       0x28 Src/main.o
 .debug_ranges  0x0000000000000028       0x20 Startup/startup_stm32f103c6tx.o
 .debug_ranges  0x0000000000000048       0x50 Stm32_f103_c6_Drivers/GPIO/Stm32_f103_c6_GPIO_Driver.o
 .debug_ranges  0x0000000000000098       0x70 Stm32_f103_c6_Drivers/Stm32_f103_c6_EXTI_Driver.o
 .debug_ranges  0x0000000000000108       0x28 Stm32_f103_c6_Drivers/Stm32_f103_c6_RCC_Driver.o
 .debug_ranges  0x0000000000000130       0x48 Stm32_f103_c6_Drivers/Stm32_f103_c6_SPI_Driver.o
 .debug_ranges  0x0000000000000178       0x50 Stm32_f103_c6_Drivers/Stm32_f103_c6_USART_Driver.o

.debug_macro    0x0000000000000000     0x1792
 .debug_macro   0x0000000000000000      0x25a Src/main.o
 .debug_macro   0x000000000000025a       0x16 Src/main.o
 .debug_macro   0x0000000000000270       0x97 Src/main.o
 .debug_macro   0x0000000000000307       0xfd Src/main.o
 .debug_macro   0x0000000000000404       0x10 Src/main.o
 .debug_macro   0x0000000000000414       0x10 Src/main.o
 .debug_macro   0x0000000000000424       0x1c Src/main.o
 .debug_macro   0x0000000000000440       0x52 Src/main.o
 .debug_macro   0x0000000000000492       0x40 Src/main.o
 .debug_macro   0x00000000000004d2       0x10 Src/main.o
 .debug_macro   0x00000000000004e2       0x40 Src/main.o
 .debug_macro   0x0000000000000522       0xd7 Src/main.o
 .debug_macro   0x00000000000005f9       0x1c Src/main.o
 .debug_macro   0x0000000000000615       0x3d Src/main.o
 .debug_macro   0x0000000000000652       0x16 Src/main.o
 .debug_macro   0x0000000000000668      0x145 Src/main.o
 .debug_macro   0x00000000000007ad       0x35 Src/main.o
 .debug_macro   0x00000000000007e2      0x2ad Src/main.o
 .debug_macro   0x0000000000000a8f       0x40 Src/main.o
 .debug_macro   0x0000000000000acf       0xa0 Src/main.o
 .debug_macro   0x0000000000000b6f      0x223 Src/main.o
 .debug_macro   0x0000000000000d92       0x16 Src/main.o
 .debug_macro   0x0000000000000da8       0xe2 Src/main.o
 .debug_macro   0x0000000000000e8a       0xbe Src/main.o
 .debug_macro   0x0000000000000f48      0x145 Stm32_f103_c6_Drivers/GPIO/Stm32_f103_c6_GPIO_Driver.o
 .debug_macro   0x000000000000108d      0x158 Stm32_f103_c6_Drivers/Stm32_f103_c6_EXTI_Driver.o
 .debug_macro   0x00000000000011e5       0xd6 Stm32_f103_c6_Drivers/Stm32_f103_c6_EXTI_Driver.o
 .debug_macro   0x00000000000012bb      0x14e Stm32_f103_c6_Drivers/Stm32_f103_c6_RCC_Driver.o
 .debug_macro   0x0000000000001409       0x10 Stm32_f103_c6_Drivers/Stm32_f103_c6_RCC_Driver.o
 .debug_macro   0x0000000000001419      0x166 Stm32_f103_c6_Drivers/Stm32_f103_c6_SPI_Driver.o
 .debug_macro   0x000000000000157f       0xb8 Stm32_f103_c6_Drivers/Stm32_f103_c6_SPI_Driver.o
 .debug_macro   0x0000000000001637      0x15b Stm32_f103_c6_Drivers/Stm32_f103_c6_USART_Driver.o

.debug_line     0x0000000000000000     0x28f1
 .debug_line    0x0000000000000000      0x745 Src/main.o
 .debug_line    0x0000000000000745       0x84 Startup/startup_stm32f103c6tx.o
 .debug_line    0x00000000000007c9      0x694 Stm32_f103_c6_Drivers/GPIO/Stm32_f103_c6_GPIO_Driver.o
 .debug_line    0x0000000000000e5d      0x746 Stm32_f103_c6_Drivers/Stm32_f103_c6_EXTI_Driver.o
 .debug_line    0x00000000000015a3      0x5cb Stm32_f103_c6_Drivers/Stm32_f103_c6_RCC_Driver.o
 .debug_line    0x0000000000001b6e      0x6be Stm32_f103_c6_Drivers/Stm32_f103_c6_SPI_Driver.o
 .debug_line    0x000000000000222c      0x6c5 Stm32_f103_c6_Drivers/Stm32_f103_c6_USART_Driver.o

.debug_str      0x0000000000000000     0xb976
 .debug_str     0x0000000000000000     0xb284 Src/main.o
                                       0xb4f5 (size before relaxing)
 .debug_str     0x000000000000b284       0x31 Startup/startup_stm32f103c6tx.o
                                         0x68 (size before relaxing)
 .debug_str     0x000000000000b2b5      0x12a Stm32_f103_c6_Drivers/GPIO/Stm32_f103_c6_GPIO_Driver.o
                                       0x8301 (size before relaxing)
 .debug_str     0x000000000000b3df      0x27b Stm32_f103_c6_Drivers/Stm32_f103_c6_EXTI_Driver.o
                                       0x952d (size before relaxing)
 .debug_str     0x000000000000b65a       0xad Stm32_f103_c6_Drivers/Stm32_f103_c6_RCC_Driver.o
                                       0x826c (size before relaxing)
 .debug_str     0x000000000000b707      0x15c Stm32_f103_c6_Drivers/Stm32_f103_c6_SPI_Driver.o
                                       0x8904 (size before relaxing)
 .debug_str     0x000000000000b863      0x113 Stm32_f103_c6_Drivers/Stm32_f103_c6_USART_Driver.o
                                       0x89fc (size before relaxing)

.comment        0x0000000000000000       0x7b
 .comment       0x0000000000000000       0x7b Src/main.o
                                         0x7c (size before relaxing)
 .comment       0x000000000000007b       0x7c Stm32_f103_c6_Drivers/GPIO/Stm32_f103_c6_GPIO_Driver.o
 .comment       0x000000000000007b       0x7c Stm32_f103_c6_Drivers/Stm32_f103_c6_EXTI_Driver.o
 .comment       0x000000000000007b       0x7c Stm32_f103_c6_Drivers/Stm32_f103_c6_RCC_Driver.o
 .comment       0x000000000000007b       0x7c Stm32_f103_c6_Drivers/Stm32_f103_c6_SPI_Driver.o
 .comment       0x000000000000007b       0x7c Stm32_f103_c6_Drivers/Stm32_f103_c6_USART_Driver.o

.debug_frame    0x0000000000000000      0x710
 .debug_frame   0x0000000000000000       0x94 Src/main.o
 .debug_frame   0x0000000000000094      0x178 Stm32_f103_c6_Drivers/GPIO/Stm32_f103_c6_GPIO_Driver.o
 .debug_frame   0x000000000000020c      0x1b8 Stm32_f103_c6_Drivers/Stm32_f103_c6_EXTI_Driver.o
 .debug_frame   0x00000000000003c4       0x84 Stm32_f103_c6_Drivers/Stm32_f103_c6_RCC_Driver.o
 .debug_frame   0x0000000000000448      0x144 Stm32_f103_c6_Drivers/Stm32_f103_c6_SPI_Driver.o
 .debug_frame   0x000000000000058c      0x158 Stm32_f103_c6_Drivers/Stm32_f103_c6_USART_Driver.o
 .debug_frame   0x00000000000006e4       0x2c c:/st/stm32cubeide_1.4.0/stm32cubeide/plugins/com.st.stm32cube.ide.mcu.externaltools.gnu-tools-for-stm32.7-2018-q2-update.win32_1.4.0.202007081208/tools/bin/../lib/gcc/arm-none-eabi/7.3.1/../../../../arm-none-eabi/lib/thumb/v7-m\libc_nano.a(lib_a-init.o)
