Stm32_f103_c6_EXTI_Driver.c:21:6:ENABLE_NVIC	16	static
Stm32_f103_c6_EXTI_Driver.c:64:6:DISABLE_NVIC	16	static
Stm32_f103_c6_EXTI_Driver.c:110:6:Update_EXTI	24	static
Stm32_f103_c6_EXTI_Driver.c:173:6:MCAL_EXTI_GPIO_DEINIT	4	static
Stm32_f103_c6_EXTI_Driver.c:195:6:MCAL_EXTI_GPIO_INIT	16	static
Stm32_f103_c6_EXTI_Driver.c:200:6:MCAL_EXTI_GPIO_UPDATE	16	static
Stm32_f103_c6_EXTI_Driver.c:208:6:EXTI0_IRQHandler	8	static
Stm32_f103_c6_EXTI_Driver.c:216:6:EXTI1_IRQHandler	8	static
Stm32_f103_c6_EXTI_Driver.c:224:6:EXTI2_IRQHandler	8	static
Stm32_f103_c6_EXTI_Driver.c:231:6:EXTI3_IRQHandler	8	static
Stm32_f103_c6_EXTI_Driver.c:238:6:EXTI4_IRQHandler	8	static
Stm32_f103_c6_EXTI_Driver.c:245:6:EXTI9_5_IRQHandler	8	static
Stm32_f103_c6_EXTI_Driver.c:254:7:EXTI15_10_IRQHandler	8	static
